<html>
<body>
<pre>
<h1>µVision Build Log</h1>
<h2>Tool Versions:</h2>
IDE-Version: µVision V5.33.0.0
Copyright (C) 2020 ARM Ltd and ARM Germany GmbH. All rights reserved.
License Information: E Attenborough, UEA, LIC=----
 
Tool Versions:
Toolchain:       MDK-Lite  Version: 5.33.0.0
Toolchain Path:  C:\Keil_v5\ARM\ARMCLANG\Bin
C Compiler:      ArmClang.exe V6.15
Assembler:       Armasm.exe V6.15
Linker/Locator:  ArmLink.exe V6.15
Library Manager: ArmAr.exe V6.15
Hex Converter:   FromElf.exe V6.15
CPU DLL:         SARMCM3.DLL V5.33.0.0
Dialog DLL:      DCM.DLL V1.17.3.0
Target DLL:      STLink\ST-LINKIII-KEIL_SWO.dll V3.0.8.0
Dialog DLL:      TCM.DLL V1.48.0.0
 
<h2>Project:</h2>
D:\Edencloud\UniStuff\2.2 - Embedded Systems\homeSecuritySystem\homeSecuritySystem.uvprojx
Project File Date:  05/04/2021

<h2>Output:</h2>
*** Using Compiler 'V6.15', folder: 'C:\Keil_v5\ARM\ARMCLANG\Bin'
Rebuild target 'Target 1'
compiling tilt.c...
main.c(10): warning: In file included from...
./main.h(4): warning: 'static' ignored on this declaration [-Wmissing-declarations]
static enum ALARM_STATE{LOCKED=0x00, UNLOCKED=0x01, TRIGGERED=0x10, ALARM=0x11};
^
./main.h(8): warning: no newline at end of file [-Wnewline-eof]
#endif
      ^
main.c(1): warning: In file included from...
C:/Users/eden/AppData/Local/Arm/Packs/Keil/STM32F7xx_DFP/2.14.0/Drivers/STM32F7xx_HAL_Driver/Inc\stm32f7xx_hal.h(30): warning: In file included from...
./RTE/Device/STM32F746NGHx\stm32f7xx_hal_conf.h(520): warning: In file included from...
C:/Users/eden/AppData/Local/Arm/Packs/Keil/STM32F7xx_DFP/2.14.0/Drivers/STM32F7xx_HAL_Driver/Inc\stm32f7xx_hal_uart.h(207): warning: padding struct 'struct __UART_HandleTypeDef' with 2 bytes to align 'RxISR' [-Wpadded]
  void (*RxISR)(struct __UART_HandleTypeDef *huart); /*!< Function pointer on Rx IRQ handler */
         ^
C:/Users/eden/AppData/Local/Arm/Packs/Keil/STM32F7xx_DFP/2.14.0/Drivers/STM32F7xx_HAL_Driver/Inc\stm32f7xx_hal_uart.h(217): warning: padding struct 'struct __UART_HandleTypeDef' with 3 bytes to align 'gState' [-Wpadded]
  __IO HAL_UART_StateTypeDef    gState;              /*!< UART state information related to global Handle management
                                ^
main.c(1): warning: In file included from...
C:/Users/eden/AppData/Local/Arm/Packs/Keil/STM32F7xx_DFP/2.14.0/Drivers/STM32F7xx_HAL_Driver/Inc\stm32f7xx_hal.h(30): warning: In file included from...
./RTE/Device/STM32F746NGHx\stm32f7xx_hal_conf.h(392): warning: In file included from...
C:/Users/eden/AppData/Local/Arm/Packs/Keil/STM32F7xx_DFP/2.14.0/Drivers/STM32F7xx_HAL_Driver/Inc\stm32f7xx_hal_dma.h(148): warning: padding struct 'struct __DMA_HandleTypeDef' with 2 bytes to align 'Parent' [-Wpadded]
  void                       *Parent;                                                      /*!< Parent object state                    */ 
                              ^
main.c(42): warning: implicitly declaring library function 'sprintf' with type 'int (char *, const char *, ...)' [-Wimplicit-function-declaration]
                        sprintf(data, "is tilted - %d\n", c++);
                        ^
main.c(42): note: include the header <stdio.h> or explicitly provide a declaration for 'sprintf'
main.c(42): warning: passing 'unsigned char [33]' to parameter of type 'char *' converts between pointers to integer types with different sign [-Wpointer-sign]
                        sprintf(data, "is tilted - %d\n", c++);
                                ^~~~
main.c(42): warning: format specifies type 'int' but the argument has type 'uint64_t' (aka 'unsigned long long') [-Wformat]
                        sprintf(data, "is tilted - %d\n", c++);
                                                   ~~     ^~~
                                                   %llu
main.c(44): warning: passing 'unsigned char [33]' to parameter of type 'char *' converts between pointers to integer types with different sign [-Wpointer-sign]
                        sprintf(data, "is not tilted - %d\n", c++);
                                ^~~~
main.c(44): warning: format specifies type 'int' but the argument has type 'uint64_t' (aka 'unsigned long long') [-Wformat]
                        sprintf(data, "is not tilted - %d\n", c++);
                                                       ~~     ^~~
                                                       %llu
main.c(48): warning: no newline at end of file [-Wnewline-eof]
}
 ^
11 warnings generated.
compiling main.c...
serial.c(9): warning: In file included from...
./main.h(4): warning: 'static' ignored on this declaration [-Wmissing-declarations]
static enum ALARM_STATE{LOCKED=0x00, UNLOCKED=0x01, TRIGGERED=0x10, ALARM=0x11};
^
./main.h(8): warning: no newline at end of file [-Wnewline-eof]
#endif
      ^
serial.c(1): warning: In file included from...
C:/Users/eden/AppData/Local/Arm/Packs/Keil/STM32F7xx_DFP/2.14.0/Drivers/STM32F7xx_HAL_Driver/Inc\stm32f7xx_hal.h(30): warning: In file included from...
./RTE/Device/STM32F746NGHx\stm32f7xx_hal_conf.h(520): warning: In file included from...
C:/Users/eden/AppData/Local/Arm/Packs/Keil/STM32F7xx_DFP/2.14.0/Drivers/STM32F7xx_HAL_Driver/Inc\stm32f7xx_hal_uart.h(207): warning: padding struct 'struct __UART_HandleTypeDef' with 2 bytes to align 'RxISR' [-Wpadded]
  void (*RxISR)(struct __UART_HandleTypeDef *huart); /*!< Function pointer on Rx IRQ handler */
         ^
C:/Users/eden/AppData/Local/Arm/Packs/Keil/STM32F7xx_DFP/2.14.0/Drivers/STM32F7xx_HAL_Driver/Inc\stm32f7xx_hal_uart.h(217): warning: padding struct 'struct __UART_HandleTypeDef' with 3 bytes to align 'gState' [-Wpadded]
  __IO HAL_UART_StateTypeDef    gState;              /*!< UART state information related to global Handle management
                                ^
serial.c(1): warning: In file included from...
C:/Users/eden/AppData/Local/Arm/Packs/Keil/STM32F7xx_DFP/2.14.0/Drivers/STM32F7xx_HAL_Driver/Inc\stm32f7xx_hal.h(30): warning: In file included from...
./RTE/Device/STM32F746NGHx\stm32f7xx_hal_conf.h(392): warning: In file included from...
C:/Users/eden/AppData/Local/Arm/Packs/Keil/STM32F7xx_DFP/2.14.0/Drivers/STM32F7xx_HAL_Driver/Inc\stm32f7xx_hal_dma.h(148): warning: padding struct 'struct __DMA_HandleTypeDef' with 2 bytes to align 'Parent' [-Wpadded]
  void                       *Parent;                                                      /*!< Parent object state                    */ 
                              ^
serial.c(45): warning: cast from function call of type 'double' to non-matching type 'uint16_t' (aka 'unsigned short') [-Wbad-function-cast]
    uint16_t numPackets = (uint16_t)ceil(len / 26) + 1;
                                    ^~~~~~~~~~~~~~
serial.c(54): warning: implicitly declaring library function 'sprintf' with type 'int (char *, const char *, ...)' [-Wimplicit-function-declaration]
        sprintf(buff, "%04X%s\n", packetNo++, imPacket);
        ^
serial.c(54): note: include the header <stdio.h> or explicitly provide a declaration for 'sprintf'
serial.c(55): warning: passing 'char [33]' to parameter of type 'uint8_t *' (aka 'unsigned char *') converts between pointers to integer types with different sign [-Wpointer-sign]
        HAL_UART_Transmit(&huart1, buff, sizeof(buff), 100);
                                   ^~~~
C:/Users/eden/AppData/Local/Arm/Packs/Keil/STM32F7xx_DFP/2.14.0/Drivers/STM32F7xx_HAL_Driver/Inc\stm32f7xx_hal_uart.h(1434): note: passing argument to parameter 'pData' here
HAL_StatusTypeDef HAL_UART_Transmit(UART_HandleTypeDef *huart, uint8_t *pData, uint16_t Size, uint32_t Timeout);
                                                                        ^
serial.c(45): warning: unused variable 'numPackets' [-Wunused-variable]
    uint16_t numPackets = (uint16_t)ceil(len / 26) + 1;
             ^
serial.c(49): warning: comparison of integers of different signs: 'int' and 'uint32_t' (aka 'unsigned int') [-Wsign-compare]
    for (int i = 0; i < len; i += 26) {
                    ~ ^ ~~~
10 warnings generated.
compiling serial.c...
compiling stm32f7xx_hal.c...
C:/Users/eden/AppData/Local/Arm/Packs/Keil/STM32F7xx_DFP/2.14.0/CMSIS/Driver/USART_STM32F7xx.c(144): warning: In file included from...
C:/Users/eden/AppData/Local/Arm/Packs/Keil/STM32F7xx_DFP/2.14.0/CMSIS/Driver/USART_STM32F7xx.h(35): warning: In file included from...
C:/Users/eden/AppData/Local/Arm/Packs/Keil/STM32F7xx_DFP/2.14.0/Drivers/STM32F7xx_HAL_Driver/Inc\stm32f7xx_ll_rcc.h(2748): warning: unused parameter 'LPTIMx' [-Wunused-parameter]
__STATIC_INLINE uint32_t LL_RCC_GetLPTIMClockSource(uint32_t LPTIMx)
                                                             ^
C:/Users/eden/AppData/Local/Arm/Packs/Keil/STM32F7xx_DFP/2.14.0/CMSIS/Driver/USART_STM32F7xx.c(144): warning: In file included from...
C:/Users/eden/AppData/Local/Arm/Packs/Keil/STM32F7xx_DFP/2.14.0/CMSIS/Driver/USART_STM32F7xx.h(34): warning: In file included from...
C:/Users/eden/AppData/Local/Arm/Packs/Keil/STM32F7xx_DFP/2.14.0/Drivers/STM32F7xx_HAL_Driver/Inc\stm32f7xx_hal.h(30): warning: In file included from...
./RTE/Device/STM32F746NGHx\stm32f7xx_hal_conf.h(392): warning: In file included from...
C:/Users/eden/AppData/Local/Arm/Packs/Keil/STM32F7xx_DFP/2.14.0/Drivers/STM32F7xx_HAL_Driver/Inc\stm32f7xx_hal_dma.h(148): warning: padding struct 'struct __DMA_HandleTypeDef' with 2 bytes to align 'Parent' [-Wpadded]
  void                       *Parent;                                                      /*!< Parent object state                    */ 
                              ^
C:/Users/eden/AppData/Local/Arm/Packs/Keil/STM32F7xx_DFP/2.14.0/CMSIS/Driver/USART_STM32F7xx.c(144): warning: In file included from...
C:/Users/eden/AppData/Local/Arm/Packs/Keil/STM32F7xx_DFP/2.14.0/CMSIS/Driver/USART_STM32F7xx.h(1025): warning: padding size of 'USART_TRANSFER_INFO' with 28 bytes to alignment boundary [-Wpadded]
typedef struct __ALIGNED(32) {
        ^
3 warnings generated.
compiling USART_STM32F7xx.c...
C:/Users/eden/AppData/Local/Arm/Packs/Keil/STM32F7xx_DFP/2.14.0/Drivers/STM32F7xx_HAL_Driver/Src/stm32f7xx_hal_cortex.c(217): warning: function 'HAL_NVIC_SystemReset' could be declared with attribute 'noreturn' [-Wmissing-noreturn]
{
^
C:/Users/eden/AppData/Local/Arm/Packs/Keil/STM32F7xx_DFP/2.14.0/Drivers/STM32F7xx_HAL_Driver/Src/stm32f7xx_hal_cortex.c(83): warning: In file included from...
C:/Users/eden/AppData/Local/Arm/Packs/Keil/STM32F7xx_DFP/2.14.0/Drivers/STM32F7xx_HAL_Driver/Inc\stm32f7xx_hal.h(30): warning: In file included from...
./RTE/Device/STM32F746NGHx\stm32f7xx_hal_conf.h(396): warning: In file included from...
C:/Users/eden/AppData/Local/Arm/Packs/Keil/STM32F7xx_DFP/2.14.0/Drivers/STM32F7xx_HAL_Driver/Inc\stm32f7xx_hal_cortex.h(54): warning: padding struct 'MPU_Region_InitTypeDef' with 2 bytes to align 'BaseAddress' [-Wpadded]
  uint32_t               BaseAddress;           /*!< Specifies the base address of the region to protect.                           */
                         ^
2 warnings generated.
compiling stm32f7xx_hal_cortex.c...
C:/Users/eden/AppData/Local/Arm/Packs/Keil/STM32F7xx_DFP/2.14.0/Drivers/STM32F7xx_HAL_Driver/Src/stm32f7xx_hal_dma.c(291): warning: cast from function call of type 'uint32_t' (aka 'unsigned int') to non-matching type 'DMA_Base_Registers *' [-Wbad-function-cast]
  regs = (DMA_Base_Registers *)DMA_CalcBaseAndBitshift(hdma);
                               ^~~~~~~~~~~~~~~~~~~~~~~~~~~~~
C:/Users/eden/AppData/Local/Arm/Packs/Keil/STM32F7xx_DFP/2.14.0/Drivers/STM32F7xx_HAL_Driver/Src/stm32f7xx_hal_dma.c(99): warning: In file included from...
C:/Users/eden/AppData/Local/Arm/Packs/Keil/STM32F7xx_DFP/2.14.0/Drivers/STM32F7xx_HAL_Driver/Inc\stm32f7xx_hal.h(30): warning: In file included from...
./RTE/Device/STM32F746NGHx\stm32f7xx_hal_conf.h(392): warning: In file included from...
C:/Users/eden/AppData/Local/Arm/Packs/Keil/STM32F7xx_DFP/2.14.0/Drivers/STM32F7xx_HAL_Driver/Inc\stm32f7xx_hal_dma.h(148): warning: padding struct 'struct __DMA_HandleTypeDef' with 2 bytes to align 'Parent' [-Wpadded]
  void                       *Parent;                                                      /*!< Parent object state                    */ 
                              ^
C:/Users/eden/AppData/Local/Arm/Packs/Keil/STM32F7xx_DFP/2.14.0/Drivers/STM32F7xx_HAL_Driver/Src/stm32f7xx_hal_dma.c(353): warning: cast from function call of type 'uint32_t' (aka 'unsigned int') to non-matching type 'DMA_Base_Registers *' [-Wbad-function-cast]
  regs = (DMA_Base_Registers *)DMA_CalcBaseAndBitshift(hdma);
                               ^~~~~~~~~~~~~~~~~~~~~~~~~~~~~
C:/Users/eden/AppData/Local/Arm/Packs/Keil/STM32F7xx_DFP/2.14.0/Drivers/STM32F7xx_HAL_Driver/Src/stm32f7xx_hal_dma.c(980): warning: enumeration value 'HAL_DMA_XFER_ALL_CB_ID' not explicitly handled in switch [-Wswitch-enum]
    switch (CallbackID)
            ^
C:/Users/eden/AppData/Local/Arm/Packs/Keil/STM32F7xx_DFP/2.14.0/Drivers/STM32F7xx_HAL_Driver/Src/stm32f7xx_hal_dma.c(1074): warning: default label in switch which covers all enumeration values [-Wcovered-switch-default]
    default:
    ^
5 warnings generated.
compiling stm32f7xx_hal_dma.c...
C:/Users/eden/AppData/Local/Arm/Packs/Keil/STM32F7xx_DFP/2.14.0/Drivers/STM32F7xx_HAL_Driver/Src/stm32f7xx_hal_dma_ex.c(40): warning: In file included from...
C:/Users/eden/AppData/Local/Arm/Packs/Keil/STM32F7xx_DFP/2.14.0/Drivers/STM32F7xx_HAL_Driver/Inc\stm32f7xx_hal.h(30): warning: In file included from...
./RTE/Device/STM32F746NGHx\stm32f7xx_hal_conf.h(392): warning: In file included from...
C:/Users/eden/AppData/Local/Arm/Packs/Keil/STM32F7xx_DFP/2.14.0/Drivers/STM32F7xx_HAL_Driver/Inc\stm32f7xx_hal_dma.h(148): warning: padding struct 'struct __DMA_HandleTypeDef' with 2 bytes to align 'Parent' [-Wpadded]
  void                       *Parent;                                                      /*!< Parent object state                    */ 
                              ^
1 warning generated.
compiling stm32f7xx_hal_dma_ex.c...
compiling stm32f7xx_hal_gpio.c...
C:/Users/eden/AppData/Local/Arm/Packs/Keil/STM32F7xx_DFP/2.14.0/Drivers/STM32F7xx_HAL_Driver/Src/stm32f7xx_hal_pwr.c(387): warning: unused parameter 'Regulator' [-Wunused-parameter]
void HAL_PWR_EnterSLEEPMode(uint32_t Regulator, uint8_t SLEEPEntry)
                                     ^
1 warning generated.
compiling stm32f7xx_hal_pwr.c...
compiling stm32f7xx_hal_pwr_ex.c...
compiling stm32f7xx_hal_rcc.c...
compiling stm32f7xx_hal_rcc_ex.c...
C:/Users/eden/AppData/Local/Arm/Packs/Keil/STM32F7xx_DFP/2.14.0/Drivers/STM32F7xx_HAL_Driver/Src/stm32f7xx_hal_spi_ex.c(25): warning: In file included from...
C:/Users/eden/AppData/Local/Arm/Packs/Keil/STM32F7xx_DFP/2.14.0/Drivers/STM32F7xx_HAL_Driver/Inc\stm32f7xx_hal.h(30): warning: In file included from...
./RTE/Device/STM32F746NGHx\stm32f7xx_hal_conf.h(512): warning: In file included from...
C:/Users/eden/AppData/Local/Arm/Packs/Keil/STM32F7xx_DFP/2.14.0/Drivers/STM32F7xx_HAL_Driver/Inc\stm32f7xx_hal_spi.h(148): warning: padding struct 'struct __SPI_HandleTypeDef' with 2 bytes to align 'ErrorCode' [-Wpadded]
  __IO uint32_t              ErrorCode;      /*!< SPI Error code                           */
                             ^
C:/Users/eden/AppData/Local/Arm/Packs/Keil/STM32F7xx_DFP/2.14.0/Drivers/STM32F7xx_HAL_Driver/Src/stm32f7xx_hal_spi_ex.c(25): warning: In file included from...
C:/Users/eden/AppData/Local/Arm/Packs/Keil/STM32F7xx_DFP/2.14.0/Drivers/STM32F7xx_HAL_Driver/Inc\stm32f7xx_hal.h(30): warning: In file included from...
./RTE/Device/STM32F746NGHx\stm32f7xx_hal_conf.h(392): warning: In file included from...
C:/Users/eden/AppData/Local/Arm/Packs/Keil/STM32F7xx_DFP/2.14.0/Drivers/STM32F7xx_HAL_Driver/Inc\stm32f7xx_hal_dma.h(148): warning: padding struct 'struct __DMA_HandleTypeDef' with 2 bytes to align 'Parent' [-Wpadded]
  void                       *Parent;                                                      /*!< Parent object state                    */ 
                              ^
2 warnings generated.
compiling stm32f7xx_hal_spi_ex.c...
C:/Users/eden/AppData/Local/Arm/Packs/Keil/STM32F7xx_DFP/2.14.0/Drivers/STM32F7xx_HAL_Driver/Src/stm32f7xx_hal_uart_ex.c(38): warning: In file included from...
C:/Users/eden/AppData/Local/Arm/Packs/Keil/STM32F7xx_DFP/2.14.0/Drivers/STM32F7xx_HAL_Driver/Inc\stm32f7xx_hal.h(30): warning: In file included from...
./RTE/Device/STM32F746NGHx\stm32f7xx_hal_conf.h(520): warning: In file included from...
C:/Users/eden/AppData/Local/Arm/Packs/Keil/STM32F7xx_DFP/2.14.0/Drivers/STM32F7xx_HAL_Driver/Inc\stm32f7xx_hal_uart.h(207): warning: padding struct 'struct __UART_HandleTypeDef' with 2 bytes to align 'RxISR' [-Wpadded]
  void (*RxISR)(struct __UART_HandleTypeDef *huart); /*!< Function pointer on Rx IRQ handler */
         ^
C:/Users/eden/AppData/Local/Arm/Packs/Keil/STM32F7xx_DFP/2.14.0/Drivers/STM32F7xx_HAL_Driver/Inc\stm32f7xx_hal_uart.h(217): warning: padding struct 'struct __UART_HandleTypeDef' with 3 bytes to align 'gState' [-Wpadded]
  __IO HAL_UART_StateTypeDef    gState;              /*!< UART state information related to global Handle management
                                ^
C:/Users/eden/AppData/Local/Arm/Packs/Keil/STM32F7xx_DFP/2.14.0/Drivers/STM32F7xx_HAL_Driver/Src/stm32f7xx_hal_uart_ex.c(38): warning: In file included from...
C:/Users/eden/AppData/Local/Arm/Packs/Keil/STM32F7xx_DFP/2.14.0/Drivers/STM32F7xx_HAL_Driver/Inc\stm32f7xx_hal.h(30): warning: In file included from...
./RTE/Device/STM32F746NGHx\stm32f7xx_hal_conf.h(392): warning: In file included from...
C:/Users/eden/AppData/Local/Arm/Packs/Keil/STM32F7xx_DFP/2.14.0/Drivers/STM32F7xx_HAL_Driver/Inc\stm32f7xx_hal_dma.h(148): warning: padding struct 'struct __DMA_HandleTypeDef' with 2 bytes to align 'Parent' [-Wpadded]
  void                       *Parent;                                                      /*!< Parent object state                    */ 
                              ^
3 warnings generated.
compiling stm32f7xx_hal_uart_ex.c...
C:/Users/eden/AppData/Local/Arm/Packs/Keil/STM32F7xx_DFP/2.14.0/Drivers/STM32F7xx_HAL_Driver/Src/stm32f7xx_hal_spi.c(199): warning: In file included from...
C:/Users/eden/AppData/Local/Arm/Packs/Keil/STM32F7xx_DFP/2.14.0/Drivers/STM32F7xx_HAL_Driver/Inc\stm32f7xx_hal.h(30): warning: In file included from...
./RTE/Device/STM32F746NGHx\stm32f7xx_hal_conf.h(512): warning: In file included from...
C:/Users/eden/AppData/Local/Arm/Packs/Keil/STM32F7xx_DFP/2.14.0/Drivers/STM32F7xx_HAL_Driver/Inc\stm32f7xx_hal_spi.h(148): warning: padding struct 'struct __SPI_HandleTypeDef' with 2 bytes to align 'ErrorCode' [-Wpadded]
  __IO uint32_t              ErrorCode;      /*!< SPI Error code                           */
                             ^
C:/Users/eden/AppData/Local/Arm/Packs/Keil/STM32F7xx_DFP/2.14.0/Drivers/STM32F7xx_HAL_Driver/Src/stm32f7xx_hal_spi.c(199): warning: In file included from...
C:/Users/eden/AppData/Local/Arm/Packs/Keil/STM32F7xx_DFP/2.14.0/Drivers/STM32F7xx_HAL_Driver/Inc\stm32f7xx_hal.h(30): warning: In file included from...
./RTE/Device/STM32F746NGHx\stm32f7xx_hal_conf.h(392): warning: In file included from...
C:/Users/eden/AppData/Local/Arm/Packs/Keil/STM32F7xx_DFP/2.14.0/Drivers/STM32F7xx_HAL_Driver/Inc\stm32f7xx_hal_dma.h(148): warning: padding struct 'struct __DMA_HandleTypeDef' with 2 bytes to align 'Parent' [-Wpadded]
  void                       *Parent;                                                      /*!< Parent object state                    */ 
                              ^
C:/Users/eden/AppData/Local/Arm/Packs/Keil/STM32F7xx_DFP/2.14.0/Drivers/STM32F7xx_HAL_Driver/Src/stm32f7xx_hal_spi.c(857): warning: cast from 'uint8_t *' (aka 'unsigned char *') to 'uint16_t *' (aka 'unsigned short *') increases required alignment from 1 to 2 [-Wcast-align]
      hspi->Instance->DR = *((uint16_t *)hspi->pTxBuffPtr);
                             ^~~~~~~~~~~~~~~~~~~~~~~~~~~~
C:/Users/eden/AppData/Local/Arm/Packs/Keil/STM32F7xx_DFP/2.14.0/Drivers/STM32F7xx_HAL_Driver/Src/stm32f7xx_hal_spi.c(867): warning: cast from 'uint8_t *' (aka 'unsigned char *') to 'uint16_t *' (aka 'unsigned short *') increases required alignment from 1 to 2 [-Wcast-align]
        hspi->Instance->DR = *((uint16_t *)hspi->pTxBuffPtr);
                               ^~~~~~~~~~~~~~~~~~~~~~~~~~~~
C:/Users/eden/AppData/Local/Arm/Packs/Keil/STM32F7xx_DFP/2.14.0/Drivers/STM32F7xx_HAL_Driver/Src/stm32f7xx_hal_spi.c(890): warning: cast from 'uint8_t *' (aka 'unsigned char *') to 'uint16_t *' (aka 'unsigned short *') increases required alignment from 1 to 2 [-Wcast-align]
        hspi->Instance->DR = *((uint16_t *)hspi->pTxBuffPtr);
                               ^~~~~~~~~~~~~~~~~~~~~~~~~~~~
C:/Users/eden/AppData/Local/Arm/Packs/Keil/STM32F7xx_DFP/2.14.0/Drivers/STM32F7xx_HAL_Driver/Src/stm32f7xx_hal_spi.c(909): warning: cast from 'uint8_t *' (aka 'unsigned char *') to 'uint16_t *' (aka 'unsigned short *') increases required alignment from 1 to 2 [-Wcast-align]
          hspi->Instance->DR = *((uint16_t *)hspi->pTxBuffPtr);
                                 ^~~~~~~~~~~~~~~~~~~~~~~~~~~~
C:/Users/eden/AppData/Local/Arm/Packs/Keil/STM32F7xx_DFP/2.14.0/Drivers/STM32F7xx_HAL_Driver/Src/stm32f7xx_hal_spi.c(1084): warning: cast from 'uint8_t *' (aka 'unsigned char *') to 'uint16_t *' (aka 'unsigned short *') increases required alignment from 1 to 2 [-Wcast-align]
        *((uint16_t *)hspi->pRxBuffPtr) = (uint16_t)hspi->Instance->DR;
          ^~~~~~~~~~~~~~~~~~~~~~~~~~~~
C:/Users/eden/AppData/Local/Arm/Packs/Keil/STM32F7xx_DFP/2.14.0/Drivers/STM32F7xx_HAL_Driver/Src/stm32f7xx_hal_spi.c(1118): warning: cast from 'uint8_t *' (aka 'unsigned char *') to 'uint16_t *' (aka 'unsigned short *') increases required alignment from 1 to 2 [-Wcast-align]
      *((uint16_t *)hspi->pRxBuffPtr) = (uint16_t)hspi->Instance->DR;
        ^~~~~~~~~~~~~~~~~~~~~~~~~~~~
C:/Users/eden/AppData/Local/Arm/Packs/Keil/STM32F7xx_DFP/2.14.0/Drivers/STM32F7xx_HAL_Driver/Src/stm32f7xx_hal_spi.c(1297): warning: cast from 'uint8_t *' (aka 'unsigned char *') to 'uint16_t *' (aka 'unsigned short *') increases required alignment from 1 to 2 [-Wcast-align]
      hspi->Instance->DR = *((uint16_t *)hspi->pTxBuffPtr);
                             ^~~~~~~~~~~~~~~~~~~~~~~~~~~~
C:/Users/eden/AppData/Local/Arm/Packs/Keil/STM32F7xx_DFP/2.14.0/Drivers/STM32F7xx_HAL_Driver/Src/stm32f7xx_hal_spi.c(1306): warning: cast from 'uint8_t *' (aka 'unsigned char *') to 'uint16_t *' (aka 'unsigned short *') increases required alignment from 1 to 2 [-Wcast-align]
        hspi->Instance->DR = *((uint16_t *)hspi->pTxBuffPtr);
                               ^~~~~~~~~~~~~~~~~~~~~~~~~~~~
C:/Users/eden/AppData/Local/Arm/Packs/Keil/STM32F7xx_DFP/2.14.0/Drivers/STM32F7xx_HAL_Driver/Src/stm32f7xx_hal_spi.c(1329): warning: cast from 'uint8_t *' (aka 'unsigned char *') to 'uint16_t *' (aka 'unsigned short *') increases required alignment from 1 to 2 [-Wcast-align]
        *((uint16_t *)hspi->pRxBuffPtr) = (uint16_t)hspi->Instance->DR;
          ^~~~~~~~~~~~~~~~~~~~~~~~~~~~
C:/Users/eden/AppData/Local/Arm/Packs/Keil/STM32F7xx_DFP/2.14.0/Drivers/STM32F7xx_HAL_Driver/Src/stm32f7xx_hal_spi.c(1349): warning: cast from 'uint8_t *' (aka 'unsigned char *') to 'uint16_t *' (aka 'unsigned short *') increases required alignment from 1 to 2 [-Wcast-align]
        hspi->Instance->DR = *((uint16_t *)hspi->pTxBuffPtr);
                               ^~~~~~~~~~~~~~~~~~~~~~~~~~~~
C:/Users/eden/AppData/Local/Arm/Packs/Keil/STM32F7xx_DFP/2.14.0/Drivers/STM32F7xx_HAL_Driver/Src/stm32f7xx_hal_spi.c(1367): warning: cast from 'uint8_t *' (aka 'unsigned char *') to 'uint16_t *' (aka 'unsigned short *') increases required alignment from 1 to 2 [-Wcast-align]
          hspi->Instance->DR = *((uint16_t *)hspi->pTxBuffPtr);
                                 ^~~~~~~~~~~~~~~~~~~~~~~~~~~~
C:/Users/eden/AppData/Local/Arm/Packs/Keil/STM32F7xx_DFP/2.14.0/Drivers/STM32F7xx_HAL_Driver/Src/stm32f7xx_hal_spi.c(1399): warning: cast from 'uint8_t *' (aka 'unsigned char *') to 'uint16_t *' (aka 'unsigned short *') increases required alignment from 1 to 2 [-Wcast-align]
          *((uint16_t *)hspi->pRxBuffPtr) = (uint16_t)hspi->Instance->DR;
            ^~~~~~~~~~~~~~~~~~~~~~~~~~~~
C:/Users/eden/AppData/Local/Arm/Packs/Keil/STM32F7xx_DFP/2.14.0/Drivers/STM32F7xx_HAL_Driver/Src/stm32f7xx_hal_spi.c(3417): warning: cast from 'uint8_t *' (aka 'unsigned char *') to 'uint16_t *' (aka 'unsigned short *') increases required alignment from 1 to 2 [-Wcast-align]
    *((uint16_t *)hspi->pRxBuffPtr) = (uint16_t)(hspi->Instance->DR);
      ^~~~~~~~~~~~~~~~~~~~~~~~~~~~
C:/Users/eden/AppData/Local/Arm/Packs/Keil/STM32F7xx_DFP/2.14.0/Drivers/STM32F7xx_HAL_Driver/Src/stm32f7xx_hal_spi.c(3495): warning: cast from 'uint8_t *' (aka 'unsigned char *') to 'uint16_t *' (aka 'unsigned short *') increases required alignment from 1 to 2 [-Wcast-align]
    hspi->Instance->DR = *((uint16_t *)hspi->pTxBuffPtr);
                           ^~~~~~~~~~~~~~~~~~~~~~~~~~~~
C:/Users/eden/AppData/Local/Arm/Packs/Keil/STM32F7xx_DFP/2.14.0/Drivers/STM32F7xx_HAL_Driver/Src/stm32f7xx_hal_spi.c(3540): warning: cast from 'uint8_t *' (aka 'unsigned char *') to 'uint16_t *' (aka 'unsigned short *') increases required alignment from 1 to 2 [-Wcast-align]
  *((uint16_t *)hspi->pRxBuffPtr) = (uint16_t)(hspi->Instance->DR);
    ^~~~~~~~~~~~~~~~~~~~~~~~~~~~
C:/Users/eden/AppData/Local/Arm/Packs/Keil/STM32F7xx_DFP/2.14.0/Drivers/STM32F7xx_HAL_Driver/Src/stm32f7xx_hal_spi.c(3592): warning: cast from 'uint8_t *' (aka 'unsigned char *') to 'uint16_t *' (aka 'unsigned short *') increases required alignment from 1 to 2 [-Wcast-align]
  hspi->Instance->DR = *((uint16_t *)hspi->pTxBuffPtr);
                         ^~~~~~~~~~~~~~~~~~~~~~~~~~~~
C:/Users/eden/AppData/Local/Arm/Packs/Keil/STM32F7xx_DFP/2.14.0/Drivers/STM32F7xx_HAL_Driver/Src/stm32f7xx_hal_spi.c(3701): warning: cast from 'uint8_t *' (aka 'unsigned char *') to 'uint16_t *' (aka 'unsigned short *') increases required alignment from 1 to 2 [-Wcast-align]
  *((uint16_t *)hspi->pRxBuffPtr) = (uint16_t)(hspi->Instance->DR);
    ^~~~~~~~~~~~~~~~~~~~~~~~~~~~
C:/Users/eden/AppData/Local/Arm/Packs/Keil/STM32F7xx_DFP/2.14.0/Drivers/STM32F7xx_HAL_Driver/Src/stm32f7xx_hal_spi.c(3760): warning: cast from 'uint8_t *' (aka 'unsigned char *') to 'uint16_t *' (aka 'unsigned short *') increases required alignment from 1 to 2 [-Wcast-align]
  hspi->Instance->DR = *((uint16_t *)hspi->pTxBuffPtr);
                         ^~~~~~~~~~~~~~~~~~~~~~~~~~~~
20 warnings generated.
compiling stm32f7xx_hal_spi.c...
C:/Users/eden/AppData/Local/Arm/Packs/Keil/STM32F7xx_DFP/2.14.0/Drivers/STM32F7xx_HAL_Driver/Src/stm32f7xx_hal_uart.c(157): warning: In file included from...
C:/Users/eden/AppData/Local/Arm/Packs/Keil/STM32F7xx_DFP/2.14.0/Drivers/STM32F7xx_HAL_Driver/Inc\stm32f7xx_hal.h(30): warning: In file included from...
./RTE/Device/STM32F746NGHx\stm32f7xx_hal_conf.h(520): warning: In file included from...
C:/Users/eden/AppData/Local/Arm/Packs/Keil/STM32F7xx_DFP/2.14.0/Drivers/STM32F7xx_HAL_Driver/Inc\stm32f7xx_hal_uart.h(207): warning: padding struct 'struct __UART_HandleTypeDef' with 2 bytes to align 'RxISR' [-Wpadded]
  void (*RxISR)(struct __UART_HandleTypeDef *huart); /*!< Function pointer on Rx IRQ handler */
         ^
C:/Users/eden/AppData/Local/Arm/Packs/Keil/STM32F7xx_DFP/2.14.0/Drivers/STM32F7xx_HAL_Driver/Inc\stm32f7xx_hal_uart.h(217): warning: padding struct 'struct __UART_HandleTypeDef' with 3 bytes to align 'gState' [-Wpadded]
  __IO HAL_UART_StateTypeDef    gState;              /*!< UART state information related to global Handle management
                                ^
C:/Users/eden/AppData/Local/Arm/Packs/Keil/STM32F7xx_DFP/2.14.0/Drivers/STM32F7xx_HAL_Driver/Src/stm32f7xx_hal_uart.c(157): warning: In file included from...
C:/Users/eden/AppData/Local/Arm/Packs/Keil/STM32F7xx_DFP/2.14.0/Drivers/STM32F7xx_HAL_Driver/Inc\stm32f7xx_hal.h(30): warning: In file included from...
./RTE/Device/STM32F746NGHx\stm32f7xx_hal_conf.h(392): warning: In file included from...
C:/Users/eden/AppData/Local/Arm/Packs/Keil/STM32F7xx_DFP/2.14.0/Drivers/STM32F7xx_HAL_Driver/Inc\stm32f7xx_hal_dma.h(148): warning: padding struct 'struct __DMA_HandleTypeDef' with 2 bytes to align 'Parent' [-Wpadded]
  void                       *Parent;                                                      /*!< Parent object state                    */ 
                              ^
C:/Users/eden/AppData/Local/Arm/Packs/Keil/STM32F7xx_DFP/2.14.0/Drivers/STM32F7xx_HAL_Driver/Src/stm32f7xx_hal_uart.c(1040): warning: cast from 'uint8_t *' (aka 'unsigned char *') to 'uint16_t *' (aka 'unsigned short *') increases required alignment from 1 to 2 [-Wcast-align]
      pdata16bits = (uint16_t *) pData;
                    ^~~~~~~~~~~~~~~~~~
C:/Users/eden/AppData/Local/Arm/Packs/Keil/STM32F7xx_DFP/2.14.0/Drivers/STM32F7xx_HAL_Driver/Src/stm32f7xx_hal_uart.c(1130): warning: cast from 'uint8_t *' (aka 'unsigned char *') to 'uint16_t *' (aka 'unsigned short *') increases required alignment from 1 to 2 [-Wcast-align]
      pdata16bits = (uint16_t *) pData;
                    ^~~~~~~~~~~~~~~~~~
C:/Users/eden/AppData/Local/Arm/Packs/Keil/STM32F7xx_DFP/2.14.0/Drivers/STM32F7xx_HAL_Driver/Src/stm32f7xx_hal_uart.c(2792): warning: enumeration value 'UART_CLOCKSOURCE_UNDEFINED' not explicitly handled in switch [-Wswitch-enum]
    switch (clocksource)
            ^
C:/Users/eden/AppData/Local/Arm/Packs/Keil/STM32F7xx_DFP/2.14.0/Drivers/STM32F7xx_HAL_Driver/Src/stm32f7xx_hal_uart.c(2831): warning: enumeration value 'UART_CLOCKSOURCE_UNDEFINED' not explicitly handled in switch [-Wswitch-enum]
    switch (clocksource)
            ^
C:/Users/eden/AppData/Local/Arm/Packs/Keil/STM32F7xx_DFP/2.14.0/Drivers/STM32F7xx_HAL_Driver/Src/stm32f7xx_hal_uart.c(3469): warning: cast from 'uint8_t *' (aka 'unsigned char *') to 'uint16_t *' (aka 'unsigned short *') increases required alignment from 1 to 2 [-Wcast-align]
      tmp = (uint16_t *) huart->pTxBuffPtr;
            ^~~~~~~~~~~~~~~~~~~~~~~~~~~~~~
C:/Users/eden/AppData/Local/Arm/Packs/Keil/STM32F7xx_DFP/2.14.0/Drivers/STM32F7xx_HAL_Driver/Src/stm32f7xx_hal_uart.c(3569): warning: cast from 'uint8_t *' (aka 'unsigned char *') to 'uint16_t *' (aka 'unsigned short *') increases required alignment from 1 to 2 [-Wcast-align]
    tmp = (uint16_t *) huart->pRxBuffPtr ;
          ^~~~~~~~~~~~~~~~~~~~~~~~~~~~~~
9 warnings generated.
compiling stm32f7xx_hal_uart.c...
C:/Users/eden/AppData/Local/Arm/Packs/Keil/STM32F7xx_DFP/2.14.0/Drivers/STM32F7xx_HAL_Driver/Src/stm32f7xx_hal_usart.c(135): warning: In file included from...
C:/Users/eden/AppData/Local/Arm/Packs/Keil/STM32F7xx_DFP/2.14.0/Drivers/STM32F7xx_HAL_Driver/Inc\stm32f7xx_hal.h(30): warning: In file included from...
./RTE/Device/STM32F746NGHx\stm32f7xx_hal_conf.h(524): warning: In file included from...
C:/Users/eden/AppData/Local/Arm/Packs/Keil/STM32F7xx_DFP/2.14.0/Drivers/STM32F7xx_HAL_Driver/Inc\stm32f7xx_hal_usart.h(136): warning: padding struct 'struct __USART_HandleTypeDef' with 2 bytes to align 'RxISR' [-Wpadded]
  void (*RxISR)(struct __USART_HandleTypeDef *husart);   /*!< Function pointer on Rx IRQ handler  */
         ^
C:/Users/eden/AppData/Local/Arm/Packs/Keil/STM32F7xx_DFP/2.14.0/Drivers/STM32F7xx_HAL_Driver/Inc\stm32f7xx_hal_usart.h(148): warning: padding struct 'struct __USART_HandleTypeDef' with 2 bytes to align 'ErrorCode' [-Wpadded]
  __IO uint32_t                 ErrorCode;               /*!< USART Error code                    */
                                ^
C:/Users/eden/AppData/Local/Arm/Packs/Keil/STM32F7xx_DFP/2.14.0/Drivers/STM32F7xx_HAL_Driver/Src/stm32f7xx_hal_usart.c(135): warning: In file included from...
C:/Users/eden/AppData/Local/Arm/Packs/Keil/STM32F7xx_DFP/2.14.0/Drivers/STM32F7xx_HAL_Driver/Inc\stm32f7xx_hal.h(30): warning: In file included from...
./RTE/Device/STM32F746NGHx\stm32f7xx_hal_conf.h(392): warning: In file included from...
C:/Users/eden/AppData/Local/Arm/Packs/Keil/STM32F7xx_DFP/2.14.0/Drivers/STM32F7xx_HAL_Driver/Inc\stm32f7xx_hal_dma.h(148): warning: padding struct 'struct __DMA_HandleTypeDef' with 2 bytes to align 'Parent' [-Wpadded]
  void                       *Parent;                                                      /*!< Parent object state                    */ 
                              ^
C:/Users/eden/AppData/Local/Arm/Packs/Keil/STM32F7xx_DFP/2.14.0/Drivers/STM32F7xx_HAL_Driver/Src/stm32f7xx_hal_usart.c(745): warning: cast from 'uint8_t *' (aka 'unsigned char *') to 'uint16_t *' (aka 'unsigned short *') increases required alignment from 1 to 2 [-Wcast-align]
      ptxdata16bits = (uint16_t *) pTxData;
                      ^~~~~~~~~~~~~~~~~~~~
C:/Users/eden/AppData/Local/Arm/Packs/Keil/STM32F7xx_DFP/2.14.0/Drivers/STM32F7xx_HAL_Driver/Src/stm32f7xx_hal_usart.c(847): warning: cast from 'uint8_t *' (aka 'unsigned char *') to 'uint16_t *' (aka 'unsigned short *') increases required alignment from 1 to 2 [-Wcast-align]
      prxdata16bits = (uint16_t *) pRxData;
                      ^~~~~~~~~~~~~~~~~~~~
C:/Users/eden/AppData/Local/Arm/Packs/Keil/STM32F7xx_DFP/2.14.0/Drivers/STM32F7xx_HAL_Driver/Src/stm32f7xx_hal_usart.c(959): warning: cast from 'uint8_t *' (aka 'unsigned char *') to 'uint16_t *' (aka 'unsigned short *') increases required alignment from 1 to 2 [-Wcast-align]
      ptxdata16bits = (uint16_t *) pTxData;
                      ^~~~~~~~~~~~~~~~~~~~
C:/Users/eden/AppData/Local/Arm/Packs/Keil/STM32F7xx_DFP/2.14.0/Drivers/STM32F7xx_HAL_Driver/Src/stm32f7xx_hal_usart.c(960): warning: cast from 'uint8_t *' (aka 'unsigned char *') to 'uint16_t *' (aka 'unsigned short *') increases required alignment from 1 to 2 [-Wcast-align]
      prxdata16bits = (uint16_t *) pRxData;
                      ^~~~~~~~~~~~~~~~~~~~
C:/Users/eden/AppData/Local/Arm/Packs/Keil/STM32F7xx_DFP/2.14.0/Drivers/STM32F7xx_HAL_Driver/Src/stm32f7xx_hal_usart.c(2709): warning: enumeration value 'USART_CLOCKSOURCE_UNDEFINED' not explicitly handled in switch [-Wswitch-enum]
  switch (clocksource)
          ^
C:/Users/eden/AppData/Local/Arm/Packs/Keil/STM32F7xx_DFP/2.14.0/Drivers/STM32F7xx_HAL_Driver/Src/stm32f7xx_hal_usart.c(2862): warning: cast from 'uint8_t *' (aka 'unsigned char *') to 'uint16_t *' (aka 'unsigned short *') increases required alignment from 1 to 2 [-Wcast-align]
      tmp = (uint16_t *) husart->pTxBuffPtr;
            ^~~~~~~~~~~~~~~~~~~~~~~~~~~~~~~
C:/Users/eden/AppData/Local/Arm/Packs/Keil/STM32F7xx_DFP/2.14.0/Drivers/STM32F7xx_HAL_Driver/Src/stm32f7xx_hal_usart.c(3023): warning: cast from 'uint8_t *' (aka 'unsigned char *') to 'uint16_t *' (aka 'unsigned short *') increases required alignment from 1 to 2 [-Wcast-align]
    tmp = (uint16_t *) husart->pRxBuffPtr;
          ^~~~~~~~~~~~~~~~~~~~~~~~~~~~~~~
10 warnings generated.
compiling stm32f7xx_hal_usart.c...
compiling stm32f7xx_ll_gpio.c...
compiling stm32f7xx_ll_pwr.c...
assembling startup_stm32f746xx.s...
C:/Users/eden/AppData/Local/Arm/Packs/Keil/STM32F7xx_DFP/2.14.0/Drivers/STM32F7xx_HAL_Driver/Src/stm32f7xx_ll_utils.c(21): warning: In file included from...
C:/Users/eden/AppData/Local/Arm/Packs/Keil/STM32F7xx_DFP/2.14.0/Drivers/STM32F7xx_HAL_Driver/Inc\stm32f7xx_ll_rcc.h(2748): warning: unused parameter 'LPTIMx' [-Wunused-parameter]
__STATIC_INLINE uint32_t LL_RCC_GetLPTIMClockSource(uint32_t LPTIMx)
                                                             ^
1 warning generated.
compiling stm32f7xx_ll_utils.c...
compiling system_stm32f7xx.c...
C:/Users/eden/AppData/Local/Arm/Packs/Keil/STM32F7xx_DFP/2.14.0/Drivers/STM32F7xx_HAL_Driver/Src/stm32f7xx_ll_rcc.c(22): warning: In file included from...
C:/Users/eden/AppData/Local/Arm/Packs/Keil/STM32F7xx_DFP/2.14.0/Drivers/STM32F7xx_HAL_Driver/Inc\stm32f7xx_ll_rcc.h(2748): warning: unused parameter 'LPTIMx' [-Wunused-parameter]
__STATIC_INLINE uint32_t LL_RCC_GetLPTIMClockSource(uint32_t LPTIMx)
                                                             ^
C:/Users/eden/AppData/Local/Arm/Packs/Keil/STM32F7xx_DFP/2.14.0/Drivers/STM32F7xx_HAL_Driver/Src/stm32f7xx_ll_rcc.c(1171): warning: unused parameter 'LTDCxSource' [-Wunused-parameter]
uint32_t LL_RCC_GetLTDCClockFreq(uint32_t LTDCxSource)
                                          ^
C:/Users/eden/AppData/Local/Arm/Packs/Keil/STM32F7xx_DFP/2.14.0/Drivers/STM32F7xx_HAL_Driver/Src/stm32f7xx_ll_rcc.c(1195): warning: unused parameter 'SPDIFRXxSource' [-Wunused-parameter]
uint32_t LL_RCC_GetSPDIFRXClockFreq(uint32_t SPDIFRXxSource)
                                             ^
3 warnings generated.
compiling stm32f7xx_ll_rcc.c...
linking...
Program Size: Code=5088 RO-data=632 RW-data=4 ZI-data=1864  
".\Objects\homeSecuritySystem.axf" - 0 Error(s), 81 Warning(s).

<h2>Software Packages used:</h2>

Package Vendor: ARM
                http://www.keil.com/pack/ARM.CMSIS.5.7.0.pack
                ARM.CMSIS.5.7.0
                CMSIS (Cortex Microcontroller Software Interface Standard)
   * Component: USART Version: 2.4.0
   * Component: CORE Version: 5.4.0

Package Vendor: Keil
                http://www.keil.com/pack/Keil.STM32F7xx_DFP.2.14.0.pack
                Keil.STM32F7xx_DFP.2.14.0
                STMicroelectronics STM32F7 Series Device Support, Drivers and Examples
   * Component: STM32Cube Framework Version: 1.0.0
   * Component: USART Version: 1.16.0
   * Component: Classic Version: 1.2.8
   * Component: Common Version: 1.2.8
   * Component: Cortex Version: 1.2.8
   * Component: DMA Version: 1.2.8
   * Component: GPIO Version: 1.2.8
   * Component: PWR Version: 1.2.8
   * Component: RCC Version: 1.2.8
   * Component: SPI Version: 1.2.8
   * Component: UART Version: 1.2.8
   * Component: USART Version: 1.2.8
   * Component: Common Version: 1.2.8
   * Component: GPIO Version: 1.2.8
   * Component: PWR Version: 1.2.8
   * Component: RCC Version: 1.2.8
   * Component: UTILS Version: 1.2.8
   * Component: Startup Version: 1.2.5

<h2>Collection of Component include folders:</h2>
  .\RTE\Device\STM32F746NGHx
  .\RTE\_Target_1
  C:\Users\eden\AppData\Local\Arm\Packs\ARM\CMSIS\5.7.0\CMSIS\Core\Include
  C:\Users\eden\AppData\Local\Arm\Packs\ARM\CMSIS\5.7.0\CMSIS\Driver\Include
  C:\Users\eden\AppData\Local\Arm\Packs\Keil\STM32F7xx_DFP\2.14.0\Drivers\CMSIS\Device\ST\STM32F7xx\Include
  C:\Users\eden\AppData\Local\Arm\Packs\Keil\STM32F7xx_DFP\2.14.0\Drivers\STM32F7xx_HAL_Driver\Inc
  C:\Users\eden\AppData\Local\Arm\Packs\Keil\STM32F7xx_DFP\2.14.0\Drivers\STM32F7xx_HAL_Driver\Inc\Legacy

<h2>Collection of Component Files used:</h2>

   * Component: ::CMSIS Driver:USART:2.4.0 (API)
      Include file:  CMSIS\Driver\Include\Driver_USART.h

   * Component: ::Device:STM32Cube Framework:1.0.0 (API)

   * Component: ARM::CMSIS:CORE:5.4.0

   * Component: Keil::CMSIS Driver:USART:1.16.0
      Source file:   CMSIS\Driver\USART_STM32F7xx.c

   * Component: Keil::Device:STM32Cube Framework:Classic:1.2.8
      Source file:   MDK\Templates\Src\stm32f7xx_hal_msp.c
      Include file:  MDK\Templates\Inc\stm32f7xx_hal_conf.h
      Include file:  MDK\Templates\Inc\stm32f7xx_it.h
      Include file:  MDK\Templates\Inc\main.h
      Source file:   MDK\Templates_LL\Src\main.c
      Include file:  MDK\Templates_LL\Inc\main.h
      Include file:  CMSIS\Driver\Config\RTE_Device.h
      Source file:   MDK\Templates\Src\stm32f7xx_it.c
      Source file:   MDK\Templates\Src\main.c

   * Component: Keil::Device:STM32Cube HAL:Common:1.2.8
      Include file:  Drivers\STM32F7xx_HAL_Driver\Inc\stm32f7xx_hal.h
      Source file:   Drivers\STM32F7xx_HAL_Driver\Src\stm32f7xx_hal.c

   * Component: Keil::Device:STM32Cube HAL:Cortex:1.2.8
      Source file:   Drivers\STM32F7xx_HAL_Driver\Src\stm32f7xx_hal_cortex.c

   * Component: Keil::Device:STM32Cube HAL:DMA:1.2.8
      Source file:   Drivers\STM32F7xx_HAL_Driver\Src\stm32f7xx_hal_dma.c
      Source file:   Drivers\STM32F7xx_HAL_Driver\Src\stm32f7xx_hal_dma_ex.c

   * Component: Keil::Device:STM32Cube HAL:GPIO:1.2.8
      Source file:   Drivers\STM32F7xx_HAL_Driver\Src\stm32f7xx_hal_gpio.c

   * Component: Keil::Device:STM32Cube HAL:PWR:1.2.8
      Source file:   Drivers\STM32F7xx_HAL_Driver\Src\stm32f7xx_hal_pwr_ex.c
      Source file:   Drivers\STM32F7xx_HAL_Driver\Src\stm32f7xx_hal_pwr.c

   * Component: Keil::Device:STM32Cube HAL:RCC:1.2.8
      Source file:   Drivers\STM32F7xx_HAL_Driver\Src\stm32f7xx_hal_rcc_ex.c
      Source file:   Drivers\STM32F7xx_HAL_Driver\Src\stm32f7xx_hal_rcc.c

   * Component: Keil::Device:STM32Cube HAL:SPI:1.2.8
      Source file:   Drivers\STM32F7xx_HAL_Driver\Src\stm32f7xx_hal_spi.c
      Source file:   Drivers\STM32F7xx_HAL_Driver\Src\stm32f7xx_hal_spi_ex.c

   * Component: Keil::Device:STM32Cube HAL:UART:1.2.8
      Source file:   Drivers\STM32F7xx_HAL_Driver\Src\stm32f7xx_hal_uart.c
      Source file:   Drivers\STM32F7xx_HAL_Driver\Src\stm32f7xx_hal_uart_ex.c

   * Component: Keil::Device:STM32Cube HAL:USART:1.2.8
      Source file:   Drivers\STM32F7xx_HAL_Driver\Src\stm32f7xx_hal_usart.c

   * Component: Keil::Device:STM32Cube LL:Common:1.2.8

   * Component: Keil::Device:STM32Cube LL:GPIO:1.2.8
      Source file:   Drivers\STM32F7xx_HAL_Driver\Src\stm32f7xx_ll_gpio.c

   * Component: Keil::Device:STM32Cube LL:PWR:1.2.8
      Source file:   Drivers\STM32F7xx_HAL_Driver\Src\stm32f7xx_ll_pwr.c

   * Component: Keil::Device:STM32Cube LL:RCC:1.2.8
      Source file:   Drivers\STM32F7xx_HAL_Driver\Src\stm32f7xx_ll_rcc.c

   * Component: Keil::Device:STM32Cube LL:UTILS:1.2.8
      Source file:   Drivers\STM32F7xx_HAL_Driver\Src\stm32f7xx_ll_utils.c

   * Component: Keil::Device:Startup:1.2.5
      Source file:   MDK\Device\Source\ARM\STM32F74x_75x_OPT.s
      Source file:   MDK\Device\Source\ARM\STM32F74x_75x_OTP.s
      Include file:  Drivers\CMSIS\Device\ST\STM32F7xx\Include\stm32f7xx.h
      Source file:   Drivers\CMSIS\Device\ST\STM32F7xx\Source\Templates\arm\startup_stm32f746xx.s
      Source file:   Drivers\CMSIS\Device\ST\STM32F7xx\Source\Templates\system_stm32f7xx.c
Build Time Elapsed:  00:00:19
</pre>
</body>
</html>
